------------------------------------------------------------
TimeQuest Timing Analyzer Summary
------------------------------------------------------------

Type  : Slow Model Setup 'clk'
Slack : -14.565
TNS   : -1610.828

Type  : Slow Model Setup 'SomSub:UF_SomSub|SubCounter:c|q[0]'
Slack : -4.077
TNS   : -27.112

Type  : Slow Model Setup 'newDataControl[1]'
Slack : -1.141
TNS   : -7.794

Type  : Slow Model Setup 'newDataControl[5]'
Slack : -1.054
TNS   : -7.165

Type  : Slow Model Setup 'newDataControl[4]'
Slack : -1.053
TNS   : -7.282

Type  : Slow Model Setup 'newDataControl[0]'
Slack : -1.029
TNS   : -8.287

Type  : Slow Model Setup 'newLabelControl[5]'
Slack : -0.950
TNS   : -1.590

Type  : Slow Model Setup 'newDataControl[2]'
Slack : -0.948
TNS   : -6.135

Type  : Slow Model Setup 'newDataControl[3]'
Slack : -0.875
TNS   : -4.901

Type  : Slow Model Setup 'newLabelControl[2]'
Slack : -0.864
TNS   : -2.073

Type  : Slow Model Setup 'newLabelControl[4]'
Slack : -0.777
TNS   : -2.040

Type  : Slow Model Setup 'newLabelControl[0]'
Slack : -0.570
TNS   : -1.664

Type  : Slow Model Setup 'newLabelControl[1]'
Slack : -0.399
TNS   : -1.153

Type  : Slow Model Hold 'clk'
Slack : -2.548
TNS   : -26.624

Type  : Slow Model Hold 'SomSub:UF_SomSub|SubCounter:c|q[0]'
Slack : -1.001
TNS   : -7.134

Type  : Slow Model Hold 'newDataControl[3]'
Slack : 0.931
TNS   : 0.000

Type  : Slow Model Hold 'newLabelControl[5]'
Slack : 1.030
TNS   : 0.000

Type  : Slow Model Hold 'newDataControl[2]'
Slack : 1.075
TNS   : 0.000

Type  : Slow Model Hold 'newLabelControl[1]'
Slack : 1.141
TNS   : 0.000

Type  : Slow Model Hold 'newDataControl[4]'
Slack : 1.239
TNS   : 0.000

Type  : Slow Model Hold 'newDataControl[5]'
Slack : 1.241
TNS   : 0.000

Type  : Slow Model Hold 'newLabelControl[4]'
Slack : 1.275
TNS   : 0.000

Type  : Slow Model Hold 'newLabelControl[0]'
Slack : 1.312
TNS   : 0.000

Type  : Slow Model Hold 'newLabelControl[2]'
Slack : 1.360
TNS   : 0.000

Type  : Slow Model Hold 'newDataControl[1]'
Slack : 1.391
TNS   : 0.000

Type  : Slow Model Hold 'newDataControl[0]'
Slack : 1.402
TNS   : 0.000

Type  : Slow Model Minimum Pulse Width 'clk'
Slack : -1.380
TNS   : -327.380

Type  : Slow Model Minimum Pulse Width 'newDataControl[0]'
Slack : -0.500
TNS   : -9.000

Type  : Slow Model Minimum Pulse Width 'newDataControl[1]'
Slack : -0.500
TNS   : -9.000

Type  : Slow Model Minimum Pulse Width 'newDataControl[2]'
Slack : -0.500
TNS   : -9.000

Type  : Slow Model Minimum Pulse Width 'newDataControl[3]'
Slack : -0.500
TNS   : -9.000

Type  : Slow Model Minimum Pulse Width 'newDataControl[4]'
Slack : -0.500
TNS   : -9.000

Type  : Slow Model Minimum Pulse Width 'newDataControl[5]'
Slack : -0.500
TNS   : -9.000

Type  : Slow Model Minimum Pulse Width 'newLabelControl[0]'
Slack : -0.500
TNS   : -3.000

Type  : Slow Model Minimum Pulse Width 'newLabelControl[1]'
Slack : -0.500
TNS   : -3.000

Type  : Slow Model Minimum Pulse Width 'newLabelControl[2]'
Slack : -0.500
TNS   : -3.000

Type  : Slow Model Minimum Pulse Width 'newLabelControl[4]'
Slack : -0.500
TNS   : -3.000

Type  : Slow Model Minimum Pulse Width 'newLabelControl[5]'
Slack : -0.500
TNS   : -3.000

Type  : Slow Model Minimum Pulse Width 'SomSub:UF_SomSub|SubCounter:c|q[0]'
Slack : 0.500
TNS   : 0.000

Type  : Fast Model Setup 'clk'
Slack : -6.003
TNS   : -567.503

Type  : Fast Model Setup 'SomSub:UF_SomSub|SubCounter:c|q[0]'
Slack : -1.176
TNS   : -6.232

Type  : Fast Model Setup 'newDataControl[1]'
Slack : -0.089
TNS   : -0.130

Type  : Fast Model Setup 'newDataControl[5]'
Slack : -0.070
TNS   : -0.125

Type  : Fast Model Setup 'newDataControl[4]'
Slack : -0.068
TNS   : -0.119

Type  : Fast Model Setup 'newDataControl[0]'
Slack : -0.047
TNS   : -0.079

Type  : Fast Model Setup 'newDataControl[2]'
Slack : -0.006
TNS   : -0.006

Type  : Fast Model Setup 'newLabelControl[5]'
Slack : -0.005
TNS   : -0.005

Type  : Fast Model Setup 'newDataControl[3]'
Slack : 0.013
TNS   : 0.000

Type  : Fast Model Setup 'newLabelControl[2]'
Slack : 0.020
TNS   : 0.000

Type  : Fast Model Setup 'newLabelControl[4]'
Slack : 0.076
TNS   : 0.000

Type  : Fast Model Setup 'newLabelControl[0]'
Slack : 0.172
TNS   : 0.000

Type  : Fast Model Setup 'newLabelControl[1]'
Slack : 0.234
TNS   : 0.000

Type  : Fast Model Hold 'clk'
Slack : -1.589
TNS   : -33.203

Type  : Fast Model Hold 'SomSub:UF_SomSub|SubCounter:c|q[0]'
Slack : -0.822
TNS   : -6.573

Type  : Fast Model Hold 'newDataControl[3]'
Slack : 0.537
TNS   : 0.000

Type  : Fast Model Hold 'newLabelControl[5]'
Slack : 0.557
TNS   : 0.000

Type  : Fast Model Hold 'newDataControl[2]'
Slack : 0.573
TNS   : 0.000

Type  : Fast Model Hold 'newLabelControl[1]'
Slack : 0.637
TNS   : 0.000

Type  : Fast Model Hold 'newLabelControl[4]'
Slack : 0.668
TNS   : 0.000

Type  : Fast Model Hold 'newDataControl[4]'
Slack : 0.691
TNS   : 0.000

Type  : Fast Model Hold 'newDataControl[5]'
Slack : 0.694
TNS   : 0.000

Type  : Fast Model Hold 'newLabelControl[0]'
Slack : 0.700
TNS   : 0.000

Type  : Fast Model Hold 'newDataControl[1]'
Slack : 0.717
TNS   : 0.000

Type  : Fast Model Hold 'newLabelControl[2]'
Slack : 0.729
TNS   : 0.000

Type  : Fast Model Hold 'newDataControl[0]'
Slack : 0.736
TNS   : 0.000

Type  : Fast Model Minimum Pulse Width 'clk'
Slack : -1.380
TNS   : -327.380

Type  : Fast Model Minimum Pulse Width 'newDataControl[0]'
Slack : -0.500
TNS   : -9.000

Type  : Fast Model Minimum Pulse Width 'newDataControl[1]'
Slack : -0.500
TNS   : -9.000

Type  : Fast Model Minimum Pulse Width 'newDataControl[2]'
Slack : -0.500
TNS   : -9.000

Type  : Fast Model Minimum Pulse Width 'newDataControl[3]'
Slack : -0.500
TNS   : -9.000

Type  : Fast Model Minimum Pulse Width 'newDataControl[4]'
Slack : -0.500
TNS   : -9.000

Type  : Fast Model Minimum Pulse Width 'newDataControl[5]'
Slack : -0.500
TNS   : -9.000

Type  : Fast Model Minimum Pulse Width 'newLabelControl[0]'
Slack : -0.500
TNS   : -3.000

Type  : Fast Model Minimum Pulse Width 'newLabelControl[1]'
Slack : -0.500
TNS   : -3.000

Type  : Fast Model Minimum Pulse Width 'newLabelControl[2]'
Slack : -0.500
TNS   : -3.000

Type  : Fast Model Minimum Pulse Width 'newLabelControl[4]'
Slack : -0.500
TNS   : -3.000

Type  : Fast Model Minimum Pulse Width 'newLabelControl[5]'
Slack : -0.500
TNS   : -3.000

Type  : Fast Model Minimum Pulse Width 'SomSub:UF_SomSub|SubCounter:c|q[0]'
Slack : 0.500
TNS   : 0.000

------------------------------------------------------------
