------------------------------------------------------------
TimeQuest Timing Analyzer Summary
------------------------------------------------------------

Type  : Slow Model Setup 'proc:processador|ControlUnit:CU|ALUOp[0]'
Slack : -11.969
TNS   : -173.712

Type  : Slow Model Setup 'proc:processador|Counter:C|Counter[0]'
Slack : -7.860
TNS   : -139.810

Type  : Slow Model Setup 'KEY[0]'
Slack : -7.071
TNS   : -897.501

Type  : Slow Model Hold 'KEY[0]'
Slack : -9.159
TNS   : -363.491

Type  : Slow Model Hold 'proc:processador|Counter:C|Counter[0]'
Slack : -5.318
TNS   : -78.560

Type  : Slow Model Hold 'proc:processador|ControlUnit:CU|ALUOp[0]'
Slack : -2.105
TNS   : -18.620

Type  : Slow Model Minimum Pulse Width 'proc:processador|Counter:C|Counter[0]'
Slack : -2.219
TNS   : -390.786

Type  : Slow Model Minimum Pulse Width 'KEY[0]'
Slack : -2.000
TNS   : -423.222

Type  : Slow Model Minimum Pulse Width 'proc:processador|ControlUnit:CU|ALUOp[0]'
Slack : 0.500
TNS   : 0.000

Type  : Fast Model Setup 'proc:processador|ControlUnit:CU|ALUOp[0]'
Slack : -4.920
TNS   : -71.329

Type  : Fast Model Setup 'proc:processador|Counter:C|Counter[0]'
Slack : -3.208
TNS   : -54.593

Type  : Fast Model Setup 'KEY[0]'
Slack : -2.907
TNS   : -329.671

Type  : Fast Model Hold 'KEY[0]'
Slack : -4.540
TNS   : -219.618

Type  : Fast Model Hold 'proc:processador|Counter:C|Counter[0]'
Slack : -2.713
TNS   : -40.279

Type  : Fast Model Hold 'proc:processador|ControlUnit:CU|ALUOp[0]'
Slack : -1.281
TNS   : -14.129

Type  : Fast Model Minimum Pulse Width 'KEY[0]'
Slack : -2.000
TNS   : -423.222

Type  : Fast Model Minimum Pulse Width 'proc:processador|Counter:C|Counter[0]'
Slack : -0.718
TNS   : -107.732

Type  : Fast Model Minimum Pulse Width 'proc:processador|ControlUnit:CU|ALUOp[0]'
Slack : 0.500
TNS   : 0.000

------------------------------------------------------------
